govern clone-step: 24 clone group(s) in this codebase; 24 NEW (no baseline yet).
  NEW clone 3574a67a3e4c (13 lines)
    /Users/orion/work/production-control-work/production-control-voice/voice-tooling/test/fixtures/spine/compose-stub.ts:28:40
    /Users/orion/work/production-control-work/production-control-voice/voice-tooling/test/fixtures/spine/compose-whole-unit-copy-runner.ts:29:42
  NEW clone e8cc78976530 (12 lines)
    /Users/orion/work/production-control-work/production-control-voice/voice-tooling/test/fixtures/spine/compose-illegal-verbatim-runner.ts:44:55
    /Users/orion/work/production-control-work/production-control-voice/voice-tooling/test/fixtures/spine/compose-whole-unit-copy-runner.ts:31:42
  NEW clone 1283b1aa9abe (17 lines)
    /Users/orion/work/production-control-work/production-control-voice/voice-tooling/test/fixtures/spine/compose-illegal-cut-runner.ts:15:31
    /Users/orion/work/production-control-work/production-control-voice/voice-tooling/test/fixtures/spine/compose-illegal-verbatim-runner.ts:17:33
  NEW clone 78bec65fbd1c (34 lines)
    /Users/orion/work/production-control-work/production-control-voice/voice-tooling/src/schema/ledger.ts:358:391
    /Users/orion/work/production-control-work/production-control-voice/voice-tooling/src/schema/voice.ts:160:193
  NEW clone a686786ca221 (18 lines)
    /Users/orion/work/production-control-work/production-control-voice/voice-tooling/src/schema/ledger.ts:411:428
    /Users/orion/work/production-control-work/production-control-voice/voice-tooling/src/schema/voice.ts:190:207
  NEW clone 697b15a707e7 (7 lines)
    /Users/orion/work/production-control-work/production-control-voice/voice-tooling/src/revise/protocol.ts:179:185
    /Users/orion/work/production-control-work/production-control-voice/voice-tooling/src/revise/protocol.ts:239:245
  NEW clone 2af908738750 (12 lines)
    /Users/orion/work/production-control-work/production-control-voice/voice-tooling/src/policy/op-legality.ts:152:163
    /Users/orion/work/production-control-work/production-control-voice/voice-tooling/src/policy/op-legality.ts:251:262
  NEW clone e4e57ed8a6c2 (13 lines)
    /Users/orion/work/production-control-work/production-control-voice/voice-tooling/src/policy/grounding.ts:374:386
    /Users/orion/work/production-control-work/production-control-voice/voice-tooling/src/policy/op-legality.ts:348:360
  NEW clone e0a4cd2646fe (13 lines)
    /Users/orion/work/production-control-work/production-control-voice/voice-tooling/src/payload/match.ts:127:139
    /Users/orion/work/production-control-work/production-control-voice/voice-tooling/src/payload/match.ts:167:179
  NEW clone 8f78a919f498 (9 lines)
    /Users/orion/work/production-control-work/production-control-voice/voice-tooling/src/fidelity/run.ts:259:267
    /Users/orion/work/production-control-work/production-control-voice/voice-tooling/src/fidelity/run.ts:348:356
  NEW clone 5b6892dad50c (13 lines)
    /Users/orion/work/production-control-work/production-control-voice/voice-tooling/src/fidelity/cli.ts:137:149
    /Users/orion/work/production-control-work/production-control-voice/voice-tooling/src/revise/cli.ts:36:44
  NEW clone 937bbfafe010 (9 lines)
    /Users/orion/work/production-control-work/production-control-voice/voice-tooling/src/fidelity/check-op-obligations.ts:430:438
    /Users/orion/work/production-control-work/production-control-voice/voice-tooling/src/fidelity/run-support.ts:79:87
  NEW clone 356c76d6cc82 (6 lines)
    /Users/orion/work/production-control-work/production-control-voice/tests/integration/support.ts:162:167
    /Users/orion/work/production-control-work/production-control-voice/tests/unit/state/support.ts:27:32
  NEW clone bccefdbec2ac (6 lines)
    /Users/orion/work/production-control-work/production-control-voice/src/providers/run.ts:111:116
    /Users/orion/work/production-control-work/production-control-voice/src/providers/validate-run.ts:110:114
  NEW clone 07a6d5cd6999 (22 lines)
    /Users/orion/work/production-control-work/production-control-voice/src/providers/run.ts:117:138
    /Users/orion/work/production-control-work/production-control-voice/src/providers/validate-run.ts:114:134
  NEW clone 208f519df3e2 (12 lines)
    /Users/orion/work/production-control-work/production-control-voice/src/providers/run.ts:201:212
    /Users/orion/work/production-control-work/production-control-voice/src/providers/validate-run.ts:68:77
  NEW clone 8b9458fe9cf0 (8 lines)
    /Users/orion/work/production-control-work/production-control-voice/src/manifest/load.ts:113:120
    /Users/orion/work/production-control-work/production-control-voice/src/providers/contract.ts:126:133
  NEW clone 35e2a730467e (38 lines)
    /Users/orion/work/production-control-work/production-control-voice/src/ledger/store.ts:137:174
    /Users/orion/work/production-control-work/production-control-voice/src/manifest/load.ts:74:111
  NEW clone 755394449568 (14 lines)
    /Users/orion/work/production-control-work/production-control-voice/src/ledger/store.ts:175:188
    /Users/orion/work/production-control-work/production-control-voice/src/manifest/load.ts:112:125
  NEW clone a7f8e2b8a6de (6 lines)
    /Users/orion/work/production-control-work/production-control-voice/src/cli/index.ts:114:119
    /Users/orion/work/production-control-work/production-control-voice/src/cli/index.ts:229:234
  NEW clone f7450fbb5ae3 (24 lines)
    /Users/orion/work/production-control-work/production-control-voice/src/cli/asset.ts:159:182
    /Users/orion/work/production-control-work/production-control-voice/src/manifest/load.ts:85:96
  NEW clone e7916441c40a (13 lines)
    /Users/orion/work/production-control-work/production-control-voice/src/assets/pointer.ts:151:163
    /Users/orion/work/production-control-work/production-control-voice/src/manifest/load.ts:81:96
  NEW clone 160052a39bb1 (7 lines)
    /Users/orion/work/production-control-work/production-control-voice/src/assets/pointer.ts:163:169
    /Users/orion/work/production-control-work/production-control-voice/src/manifest/load.ts:97:103
  NEW clone dbfe0f5d17d4 (9 lines)
    /Users/orion/work/production-control-work/production-control-voice/src/assets/pointer.ts:173:181
    /Users/orion/work/production-control-work/production-control-voice/src/manifest/load.ts:112:120
govern: code-only scoping active — excluded 5 documentation file(s) from the audit payload.
govern: FATAL — govern: FATAL — file 'voice-tooling/test/policy-grounding.test.ts' alone renders 29112 bytes, exceeding the fleet envelope 24576. A code file this large violates the 300-500-line cap (Constitution VI); a non-code file this large is not useful in the stack-control audit context. Fix or remove the file — govern does not hunk-split an a-priori-broken input.
govern: terminal-outcome=fatal
